
> my-pfe@0.0.0 build
> vite build

[36mvite v7.3.1 [32mbuilding client environment for production...[36m[39m
transforming...
[32mÔ£ô[39m 2871 modules transformed.
rendering chunks...
computing gzip size...
[2mdist/[22m[32mindex.html                                                                             [39m[1m[2m    0.45 kB[22m[1m[22m[2m Ôöé gzip:   0.29 kB[22m
[2mdist/[22m[32massets/Gold_Green_Round_Minimalist_Real_Estate_Logo__2_-removebg-preview-9k7QRTOS.png  [39m[1m[2m   72.88 kB[22m[1m[22m
[2mdist/[22m[32massets/computer-_2V-oYcT.png                                                           [39m[1m[2m  173.94 kB[22m[1m[22m
[2mdist/[22m[32massets/pic-C8zTreoz.png                                                                [39m[1m[2m  293.57 kB[22m[1m[22m
[2mdist/[22m[32massets/pc-DDZB-U-s.jpg                                                                 [39m[1m[2m1,451.47 kB[22m[1m[22m
[2mdist/[22m[35massets/index-yXe379d3.css                                                              [39m[1m[2m  262.39 kB[22m[1m[22m[2m Ôöé gzip:  43.28 kB[22m
[2mdist/[22m[36massets/index-D-3lzgDZ.js                                                               [39m[1m[33m2,112.63 kB[39m[22m[2m Ôöé gzip: 602.75 kB[22m
node.exe : [33m
Au caractère Ligne:1 : 1
+ & "C:\Program 
Files\nodejs/node.exe" 
"C:\Program 
Files\nodejs/node_mo ...
+ ~~~~~~~~~~~~~~~~~~~~~~~~
~~~~~~~~~~~~~~~~~~~~~~~~~~
~~~~~~~~~~~~~~~~~~~
    + CategoryInfo        
      : NotSpecified: (  
  [33m:String) [], Remo   
 teException
    + FullyQualifiedError 
   Id : NativeCommandErr  
  or
 
(!) Some chunks are 
larger than 500 kB after 
minification. Consider:
- Using dynamic import() 
to code-split the 
application
- Use build.rollupOptions.
output.manualChunks to 
improve chunking: https://
rollupjs.org/configuration
-options/#output-manualchu
nks
- Adjust chunk size limit 
for this warning via build
.chunkSizeWarningLimit.[3
9m
[32mÔ£ô built in 16.23s[39m
